VCD info: dumpfile blink.vcd opened for output.
=== OK
